// Jest Snapshot v1, https://goo.gl/fbAQLP

exports[`<Connected /> passing context store should match the snapshot 1`] = `undefined`;

exports[`<Connected /> passing options wrappingComponent should match the snapshot 1`] = `undefined`;

exports[`<Connected /> wrapped in <Provider /> should match the snapshot 1`] = `ShallowWrapper {}`;
